// Jest Snapshot v1, https://goo.gl/fbAQLP

exports[`Testing GET /api/models should return a 200 http response 1`] = `
Array [
  Object {
    "properties": Array [
      Object {
        "path": "id",
        "type": "Number",
      },
      Object {
        "path": "firstname",
        "type": "String",
      },
      Object {
        "path": "lastname",
        "type": "String",
      },
      Object {
        "path": "birthdate",
        "type": "Date",
      },
      Object {
        "path": "rating",
        "type": "Number",
      },
      Object {
        "path": "createdAt",
        "type": "Date",
      },
      Object {
        "path": "updatedAt",
        "type": "Date",
      },
    ],
    "segments": Array [],
    "slug": "users",
    "smart_actions": Array [],
  },
  Object {
    "properties": Array [
      Object {
        "path": "id",
        "type": "Number",
      },
      Object {
        "path": "name",
        "type": "String",
      },
      Object {
        "path": "model",
        "type": "String",
      },
      Object {
        "path": "year",
        "type": "Date",
      },
      Object {
        "path": "createdAt",
        "type": "Date",
      },
      Object {
        "path": "updatedAt",
        "type": "Date",
      },
      Object {
        "path": "userId",
        "ref": "users",
        "type": "Number",
      },
    ],
    "segments": Array [],
    "slug": "cars",
    "smart_actions": Array [],
  },
]
`;
