// Jest Snapshot v1, https://goo.gl/fbAQLP

exports[`Bar/Lines chart - Simple year 1`] = `
Object {
  "data": Object {
    "config": Object {
      "xaxis": Array [
        Object {
          "dataKey": "key",
        },
      ],
      "yaxis": Array [
        Object {
          "dataKey": "value",
        },
      ],
    },
    "data": Array [
      Object {
        "key": "2014",
        "value": 0,
      },
      Object {
        "key": "2015",
        "value": 0,
      },
      Object {
        "key": "2016",
        "value": 0,
      },
      Object {
        "key": "2017",
        "value": 0,
      },
      Object {
        "key": "2018",
        "value": 0,
      },
      Object {
        "key": "2019",
        "value": 0,
      },
      Object {
        "key": "2020",
        "value": 9,
      },
      Object {
        "key": "2021",
        "value": 7,
      },
    ],
  },
}
`;
