// Jest Snapshot v1, https://goo.gl/fbAQLP

exports[`Testing GET /api/models/:model/smartactions should return a 200 http response 1`] = `
Object {
  "list": Array [
    Object {
      "code": "delete",
      "label": "Delete item",
    },
  ],
}
`;

exports[`Testing GET /api/models/smartactions should return a 200 http response 1`] = `
Object {
  "list": Array [],
}
`;
